C:\Users\Shashank C\Documents\MCUXpressoIDE_11.6.0_8187\workspace\PES_Assignment_4\CMSIS/core_cm0plus.h:804:22:NVIC_SetPriority	24	static
../source/PES_Assignment_4.c:62:6:Touch_Init	8	static
../source/PES_Assignment_4.c:75:5:Touch_Scan_LH	16	static
../source/PES_Assignment_4.c:88:6:Init_RGB_LED_PWM	16	static
../source/PES_Assignment_4.c:130:6:init_systick	8	static
../source/PES_Assignment_4.c:138:6:SysTick_Handler	8	static
../source/PES_Assignment_4.c:143:12:now	8	static
../source/PES_Assignment_4.c:148:6:reset_timer	8	static
../source/PES_Assignment_4.c:153:12:get_timer	8	static
../source/PES_Assignment_4.c:158:6:transition	40	static
../source/PES_Assignment_4.c:189:6:traffic_light	24	static
../source/PES_Assignment_4.c:290:6:state_machine	32	static
../source/PES_Assignment_4.c:326:5:main	8	static
