C:\Users\Shashank C\Documents\MCUXpressoIDE_11.6.0_8187\workspace\PES_Assignment_4\CMSIS/core_cm0plus.h:804:22:NVIC_SetPriority	24	static
../source/PES_Assignment_4.c:60:6:Touch_Init	8	static
../source/PES_Assignment_4.c:73:5:Touch_Scan_LH	16	static
../source/PES_Assignment_4.c:86:6:Init_RGB_LED_PWM	16	static
../source/PES_Assignment_4.c:128:6:init_systick	8	static
../source/PES_Assignment_4.c:136:6:SysTick_Handler	8	static
../source/PES_Assignment_4.c:141:12:now	8	static
../source/PES_Assignment_4.c:146:6:reset_timer	8	static
../source/PES_Assignment_4.c:151:12:get_timer	8	static
../source/PES_Assignment_4.c:156:6:transition	368	static
../source/PES_Assignment_4.c:254:6:traffic_light	24	static
../source/PES_Assignment_4.c:367:6:state_machine	8	static
../source/PES_Assignment_4.c:403:5:main	8	static
